yarn run v1.22.22
$ playwright test

Running 14 tests using 2 workers

BROWSER CONSOLE: onload [1mnull[22m
BROWSER CONSOLE: [UNKNOWN_THEME_VALUE] {"key":"backgroundColor.zinc-300"} [1mnull[22m
BROWSER CONSOLE: [UNKNOWN_DIRECTIVE] {"rule":"bg-zinc-300"} [1mnull[22m
  Ô£ÿ   1 tests\e2e\form.spec.js:3:1 ÔÇ║ fills form fields and validates parsed submit payload (1.0m)
  Ô£ÿ   2 tests\e2e\fields.spec.js:8:3 ÔÇ║ Form Fields Independent Validations ÔÇ║ Text field validation (minlen) (1.0m)
  Ô£ÿ   3 tests\e2e\fields.spec.js:22:3 ÔÇ║ Form Fields Independent Validations ÔÇ║ Email field validation (1.0m)
  Ô£ÿ   4 tests\e2e\fields.spec.js:36:3 ÔÇ║ Form Fields Independent Validations ÔÇ║ Password field validation and confirm (1.0m)
  Ô£ÿ   5 tests\e2e\fields.spec.js:51:3 ÔÇ║ Form Fields Independent Validations ÔÇ║ Select field validation (1.0m)
  Ô£ÿ   6 tests\e2e\fields.spec.js:63:3 ÔÇ║ Form Fields Independent Validations ÔÇ║ Date field validation (1.0m)
  Ô£ÿ   7 tests\e2e\fields.spec.js:78:3 ÔÇ║ Form Fields Independent Validations ÔÇ║ Number field validation (1.0m)
  Ô£ÿ   8 tests\e2e\fields.spec.js:91:3 ÔÇ║ Form Fields Independent Validations ÔÇ║ Radioboxes validation (1.0m)
  Ô£ÿ   9 tests\e2e\fields.spec.js:103:3 ÔÇ║ Form Fields Independent Validations ÔÇ║ Checkboxes validation (1.0m)
  Ô£ÿ  10 tests\e2e\fields.spec.js:116:3 ÔÇ║ Form Fields Independent Validations ÔÇ║ Textarea validation (1.0m)
  Ô£ÿ  11 tests\e2e\fields.spec.js:129:3 ÔÇ║ Form Fields Independent Validations ÔÇ║ URL field validation (1.0m)
  Ô£ÿ  12 tests\e2e\fields.spec.js:142:3 ÔÇ║ Form Fields Independent Validations ÔÇ║ Search field behavior (1.0m)
  Ô£ÿ  13 tests\e2e\fields.spec.js:155:3 ÔÇ║ Form Fields Independent Validations ÔÇ║ Currency custom mask reaction (1.0m)
  Ô£ÿ  14 tests\e2e\fields.spec.js:162:3 ÔÇ║ Form Fields Independent Validations ÔÇ║ Document native mask format (1.0m)


  1) tests\e2e\fields.spec.js:8:3 ÔÇ║ Form Fields Independent Validations ÔÇ║ Text field validation (minlen) 

    [31mTest timeout of 60000ms exceeded.[39m

    Error: locator.fill: Test timeout of 60000ms exceeded.
    Call log:
    [2m  - waiting for locator('form-input[name="test"] input')[22m


      10 |     const errors = page.locator('form-input[name="test"] .wc-errors');
      11 |
    > 12 |     await input.fill('abc');
         |                 ^
      13 |     await input.blur();
      14 |     await expect(errors).not.toHaveClass(/hidden/);
      15 |     await expect(errors).toContainText('at least 5');
        at D:\projects\webcomponents\wc-forms\tests\e2e\fields.spec.js:12:17

    Error Context: test-results\fields-Form-Fields-Indepen-93d86-xt-field-validation-minlen-\error-context.md

  2) tests\e2e\fields.spec.js:22:3 ÔÇ║ Form Fields Independent Validations ÔÇ║ Email field validation ÔöÇÔöÇ

    [31mTest timeout of 60000ms exceeded.[39m

    Error: locator.fill: Test timeout of 60000ms exceeded.
    Call log:
    [2m  - waiting for locator('form-input[name="test2"] input')[22m


      24 |     const errors = page.locator('form-input[name="test2"] .wc-errors');
      25 |
    > 26 |     await input.fill('invalidemail');
         |                 ^
      27 |     await input.blur();
      28 |     await expect(errors).not.toHaveClass(/hidden/);
      29 |     await expect(errors).toContainText('valid email');
        at D:\projects\webcomponents\wc-forms\tests\e2e\fields.spec.js:26:17

    Error Context: test-results\fields-Form-Fields-Indepen-3e6c8-ions-Email-field-validation\error-context.md

  3) tests\e2e\fields.spec.js:36:3 ÔÇ║ Form Fields Independent Validations ÔÇ║ Password field validation and confirm 

    [31mTest timeout of 60000ms exceeded.[39m

    Error: locator.fill: Test timeout of 60000ms exceeded.
    Call log:
    [2m  - waiting for locator('form-input[name="test3"] input')[22m


      38 |     const errors = page.locator('form-input[name="test3"] .wc-errors');
      39 |
    > 40 |     await password.fill('abc');
         |                    ^
      41 |     await password.blur();
      42 |     await expect(errors).not.toHaveClass(/hidden/);
      43 |     
        at D:\projects\webcomponents\wc-forms\tests\e2e\fields.spec.js:40:20

    Error Context: test-results\fields-Form-Fields-Indepen-3aa65-ield-validation-and-confirm\error-context.md

  4) tests\e2e\fields.spec.js:51:3 ÔÇ║ Form Fields Independent Validations ÔÇ║ Select field validation ÔöÇ

    [31mTest timeout of 60000ms exceeded.[39m

    Error: locator.selectOption: Test timeout of 60000ms exceeded.
    Call log:
    [2m  - waiting for locator('form-input[name="test4"] select')[22m


      53 |     const errors = page.locator('form-input[name="test4"] .wc-errors');
      54 |
    > 55 |     await select.selectOption('1');
         |                  ^
      56 |     await select.blur();
      57 |     await expect(errors).not.toHaveClass(/hidden/);
      58 |
        at D:\projects\webcomponents\wc-forms\tests\e2e\fields.spec.js:55:18

    Error Context: test-results\fields-Form-Fields-Indepen-4a341-ons-Select-field-validation\error-context.md

  5) tests\e2e\fields.spec.js:63:3 ÔÇ║ Form Fields Independent Validations ÔÇ║ Date field validation ÔöÇÔöÇÔöÇ

    [31mTest timeout of 60000ms exceeded.[39m

    Error: locator.fill: Test timeout of 60000ms exceeded.
    Call log:
    [2m  - waiting for locator('form-input[name="test5"] input')[22m


      66 |
      67 |     // out of boundary validation
    > 68 |     await input.fill('2019-12-31');
         |                 ^
      69 |     await input.blur();
      70 |     await expect(errors).not.toHaveClass(/hidden/);
      71 |
        at D:\projects\webcomponents\wc-forms\tests\e2e\fields.spec.js:68:17

    Error Context: test-results\fields-Form-Fields-Indepen-fc421-tions-Date-field-validation\error-context.md

  6) tests\e2e\fields.spec.js:78:3 ÔÇ║ Form Fields Independent Validations ÔÇ║ Number field validation ÔöÇ

    [31mTest timeout of 60000ms exceeded.[39m

    Error: locator.fill: Test timeout of 60000ms exceeded.
    Call log:
    [2m  - waiting for locator('form-input[name="test6"] input')[22m


      80 |     const errors = page.locator('form-input[name="test6"] .wc-errors');
      81 |
    > 82 |     await input.fill('4'); 
         |                 ^
      83 |     await input.blur();
      84 |     await expect(errors).not.toHaveClass(/hidden/);
      85 |
        at D:\projects\webcomponents\wc-forms\tests\e2e\fields.spec.js:82:17

    Error Context: test-results\fields-Form-Fields-Indepen-89520-ons-Number-field-validation\error-context.md

  7) tests\e2e\fields.spec.js:91:3 ÔÇ║ Form Fields Independent Validations ÔÇ║ Radioboxes validation ÔöÇÔöÇÔöÇ

    [31mTest timeout of 60000ms exceeded.[39m

    Error: locator.check: Test timeout of 60000ms exceeded.
    Call log:
    [2m  - waiting for locator('form-input[name="test7"] input[type="radio"]').first()[22m


      94 |     const errors = page.locator('form-input[name="test7"] .wc-errors');
      95 |
    > 96 |     await radio1.check();
         |                  ^
      97 |     await expect(errors).not.toHaveClass(/hidden/);
      98 |
      99 |     await radio3.check();
        at D:\projects\webcomponents\wc-forms\tests\e2e\fields.spec.js:96:18

    Error Context: test-results\fields-Form-Fields-Indepen-91265-tions-Radioboxes-validation\error-context.md

  8) tests\e2e\fields.spec.js:103:3 ÔÇ║ Form Fields Independent Validations ÔÇ║ Checkboxes validation ÔöÇÔöÇ

    [31mTest timeout of 60000ms exceeded.[39m

    Error: locator.check: Test timeout of 60000ms exceeded.
    Call log:
    [2m  - waiting for locator('form-input[name="test8"] input[type="checkbox"]').first()[22m


      106 |     const errors = page.locator('form-input[name="test8"] .wc-errors');
      107 |
    > 108 |     await check1.check();
          |                  ^
      109 |     await expect(errors).not.toHaveClass(/hidden/);
      110 |
      111 |     await check1.uncheck();
        at D:\projects\webcomponents\wc-forms\tests\e2e\fields.spec.js:108:18

    Error Context: test-results\fields-Form-Fields-Indepen-22f1c-tions-Checkboxes-validation\error-context.md

  9) tests\e2e\fields.spec.js:116:3 ÔÇ║ Form Fields Independent Validations ÔÇ║ Textarea validation ÔöÇÔöÇÔöÇÔöÇ

    [31mTest timeout of 60000ms exceeded.[39m

    Error: locator.fill: Test timeout of 60000ms exceeded.
    Call log:
    [2m  - waiting for locator('form-input[name="test9"] textarea')[22m


      118 |     const errors = page.locator('form-input[name="test9"] .wc-errors');
      119 |
    > 120 |     await textarea.fill('abc');
          |                    ^
      121 |     await textarea.blur();
      122 |     await expect(errors).not.toHaveClass(/hidden/);
      123 |
        at D:\projects\webcomponents\wc-forms\tests\e2e\fields.spec.js:120:20

    Error Context: test-results\fields-Form-Fields-Indepen-9026c-dations-Textarea-validation\error-context.md

  10) tests\e2e\fields.spec.js:129:3 ÔÇ║ Form Fields Independent Validations ÔÇ║ URL field validation ÔöÇÔöÇ

    [31mTest timeout of 60000ms exceeded.[39m

    Error: locator.fill: Test timeout of 60000ms exceeded.
    Call log:
    [2m  - waiting for locator('form-input[name="test10"] input')[22m


      131 |     const errors = page.locator('form-input[name="test10"] .wc-errors');
      132 |
    > 133 |     await input.fill('invalid-url');
          |                 ^
      134 |     await input.blur();
      135 |     await expect(errors).not.toHaveClass(/hidden/);
      136 |
        at D:\projects\webcomponents\wc-forms\tests\e2e\fields.spec.js:133:17

    Error Context: test-results\fields-Form-Fields-Indepen-ff847-ations-URL-field-validation\error-context.md

  11) tests\e2e\fields.spec.js:142:3 ÔÇ║ Form Fields Independent Validations ÔÇ║ Search field behavior ÔöÇ

    [31mTest timeout of 60000ms exceeded.[39m

    Error: locator.fill: Test timeout of 60000ms exceeded.
    Call log:
    [2m  - waiting for locator('form-input[name="test10b"] input')[22m


      144 |     const errors = page.locator('form-input[name="test10b"] .wc-errors');
      145 |
    > 146 |     await input.fill('dev');
          |                 ^
      147 |     await input.blur();
      148 |     await expect(errors).not.toHaveClass(/hidden/);
      149 |
        at D:\projects\webcomponents\wc-forms\tests\e2e\fields.spec.js:146:17

    Error Context: test-results\fields-Form-Fields-Indepen-f11e4-tions-Search-field-behavior\error-context.md

  12) tests\e2e\fields.spec.js:155:3 ÔÇ║ Form Fields Independent Validations ÔÇ║ Currency custom mask reaction 

    [31mTest timeout of 60000ms exceeded.[39m

    Error: locator.pressSequentially: Test timeout of 60000ms exceeded.
    Call log:
    [2m  - waiting for locator('form-input[name="test15"] input')[22m


      156 |     const input = page.locator('form-input[name="test15"] input');
      157 |     
    > 158 |     await input.pressSequentially('12345');
          |                 ^
      159 |     await expect(input).toHaveValue('123.45');
      160 |   });
      161 |
        at D:\projects\webcomponents\wc-forms\tests\e2e\fields.spec.js:158:17

    Error Context: test-results\fields-Form-Fields-Indepen-baec2-rrency-custom-mask-reaction\error-context.md

  13) tests\e2e\fields.spec.js:162:3 ÔÇ║ Form Fields Independent Validations ÔÇ║ Document native mask format 

    [31mTest timeout of 60000ms exceeded.[39m

    Error: locator.pressSequentially: Test timeout of 60000ms exceeded.
    Call log:
    [2m  - waiting for locator('form-input[name="test18"] input')[22m


      163 |     const input = page.locator('form-input[name="test18"] input');
      164 |     
    > 165 |     await input.pressSequentially('12345678901');
          |                 ^
      166 |     await expect(input).toHaveValue('123.456.789-01');
      167 |   });
      168 | });
        at D:\projects\webcomponents\wc-forms\tests\e2e\fields.spec.js:165:17

    Error Context: test-results\fields-Form-Fields-Indepen-ecfb7-Document-native-mask-format\error-context.md

  14) tests\e2e\form.spec.js:3:1 ÔÇ║ fills form fields and validates parsed submit payload ÔöÇÔöÇÔöÇÔöÇÔöÇÔöÇÔöÇÔöÇÔöÇÔöÇÔöÇ

    [31mTest timeout of 60000ms exceeded.[39m

    Error: locator.fill: Test timeout of 60000ms exceeded.
    Call log:
    [2m  - waiting for locator('form-input[name="textField"]').locator('input')[22m


      26 |   await page.goto('/examples/vanila.html');
      27 |
    > 28 |   await page.locator('form-input[name="textField"]').locator('input').fill('match1');
         |                                                                       ^
      29 |   await page.locator('form-input[name="emailField"]').locator('input').fill('user@example.com');
      30 |   await page.locator('form-input[name="passwordField"]').locator('input').fill('match1');
      31 |   await page.locator('form-input[name="selectField"]').locator('select').selectOption('2');
        at D:\projects\webcomponents\wc-forms\tests\e2e\form.spec.js:28:71

    Error Context: test-results\form-fills-form-fields-and-validates-parsed-submit-payload\error-context.md

  14 failed
    tests\e2e\fields.spec.js:8:3 ÔÇ║ Form Fields Independent Validations ÔÇ║ Text field validation (minlen) 
    tests\e2e\fields.spec.js:22:3 ÔÇ║ Form Fields Independent Validations ÔÇ║ Email field validation ÔöÇÔöÇÔöÇ
    tests\e2e\fields.spec.js:36:3 ÔÇ║ Form Fields Independent Validations ÔÇ║ Password field validation and confirm 
    tests\e2e\fields.spec.js:51:3 ÔÇ║ Form Fields Independent Validations ÔÇ║ Select field validation ÔöÇÔöÇ
    tests\e2e\fields.spec.js:63:3 ÔÇ║ Form Fields Independent Validations ÔÇ║ Date field validation ÔöÇÔöÇÔöÇÔöÇ
    tests\e2e\fields.spec.js:78:3 ÔÇ║ Form Fields Independent Validations ÔÇ║ Number field validation ÔöÇÔöÇ
    tests\e2e\fields.spec.js:91:3 ÔÇ║ Form Fields Independent Validations ÔÇ║ Radioboxes validation ÔöÇÔöÇÔöÇÔöÇ
    tests\e2e\fields.spec.js:103:3 ÔÇ║ Form Fields Independent Validations ÔÇ║ Checkboxes validation ÔöÇÔöÇÔöÇ
    tests\e2e\fields.spec.js:116:3 ÔÇ║ Form Fields Independent Validations ÔÇ║ Textarea validation ÔöÇÔöÇÔöÇÔöÇÔöÇ
    tests\e2e\fields.spec.js:129:3 ÔÇ║ Form Fields Independent Validations ÔÇ║ URL field validation ÔöÇÔöÇÔöÇÔöÇ
    tests\e2e\fields.spec.js:142:3 ÔÇ║ Form Fields Independent Validations ÔÇ║ Search field behavior ÔöÇÔöÇÔöÇ
    tests\e2e\fields.spec.js:155:3 ÔÇ║ Form Fields Independent Validations ÔÇ║ Currency custom mask reaction 
    tests\e2e\fields.spec.js:162:3 ÔÇ║ Form Fields Independent Validations ÔÇ║ Document native mask format 
    tests\e2e\form.spec.js:3:1 ÔÇ║ fills form fields and validates parsed submit payload ÔöÇÔöÇÔöÇÔöÇÔöÇÔöÇÔöÇÔöÇÔöÇÔöÇÔöÇÔöÇÔöÇ
node.exe : error Command failed with exit code 1.
No C:\Program Files\nodejs\yarn.ps1:16 caractere:5
+     & "$basedir/node$exe"  "$basedir/node_modules/yarn/bin/yarn.js" $ 
...
+     ~~~~~~~~~~~~~~~~~~~~~~~~~~~~~~~~~~~~~~~~~~~~~~~~~~~~~~~~~~~~~~~~~
    + CategoryInfo          : NotSpecified: (error Command failed with  
   exit code 1.:String) [], RemoteException
    + FullyQualifiedErrorId : NativeCommandError
 
info Visit https://yarnpkg.com/en/docs/cli/run for documentation about this command.
